
 RUN  v4.1.4 C:/Users/SATYAM KUMAR/Downloads/ezyZ2211p

node.exe : 
At line:1 char:1
+ & "C:\Program Files\nodejs/node.exe" "C:\Program Files\nodejs/node_mo ...
+ ~~~~~~~~~~~~~~~~~~~~~~~~~~~~~~~~~~~~~~~~~~~~~~~~~~~~~~~~~~~~~~~~~~~~~
    + CategoryInfo          : NotSpecified: (:String) [], RemoteException
    + FullyQualifiedErrorId : NativeCommandError
 
<--- Last few GCs --->

[17688:0000016EDBD08000]  2755470 ms: Mark-Compact 3987.0 (4170.1) -> 3923.4 (4170.8) MB, 
pooled: 0 MB, 14661.79 / 0.00 ms  (average mu = 0.189, current mu = 0.117) allocation failure; 
scavenge might not succeed
[17688:0000016EDBD08000]  2763559 ms: Mark-Compact 3988.3 (4171.1) -> 3924.7 (4172.3) MB, 
pooled: 0 MB, 5106.08 / 0.00 ms  (average mu = 0.251, current mu = 0.369) allocation failure; 
scavenge might not succeed

FATAL ERROR: Ineffective mark-compacts near heap limit Allocation failed - JavaScript heap out 
of memory
----- Native stack trace -----

 1: 00007FF60127C36F node::OnFatalError+1343
 2: 00007FF601EC4D77 v8::Function::NewInstance+423
 3: 00007FF601CC5467 v8::base::AddressSpaceReservation::AddressSpaceReservation+322071
 4: 00007FF601CC9174 v8::base::AddressSpaceReservation::AddressSpaceReservation+337700
 5: 00007FF601CD810C v8::internal::StrongRootAllocatorBase::deallocate_impl+16604
 6: 00007FF601CD794B v8::internal::StrongRootAllocatorBase::deallocate_impl+14619
 7: 00007FF60315DAED v8::base::UnsignedDivisionByConstant<unsigned __int64>+2791421
 8: 00007FF601CC2F30 v8::base::AddressSpaceReservation::AddressSpaceReservation+312544
 9: 00007FF601CDD7BA X509_STORE_set_cleanup+5098
10: 00007FF601CE9618 uv_timer_set_repeat+19096
11: 00007FF601D047D4 uv_timer_set_repeat+130132
12: 00007FF601D046AC uv_timer_set_repeat+129836
13: 00007FF601428E0E v8::internal::Version::GetVersion+102958
14: 00007FF6019B58C4 v8::MemorySpan<unsigned __int64>::operator[]+52692
15: 00007FF60189C31C v8::String::Utf8Value::~Utf8Value+9820
16: 0000016E9FE7733A 
ΓÄ»ΓÄ»ΓÄ»ΓÄ»ΓÄ»ΓÄ» Unhandled Errors ΓÄ»ΓÄ»ΓÄ»ΓÄ»ΓÄ»ΓÄ»

Vitest caught 1 unhandled error during the test run.
This might cause false positive tests. Resolve unhandled errors to make sure your tests are 
not affected.

ΓÄ»ΓÄ»ΓÄ»ΓÄ»ΓÄ»ΓÄ» Unhandled Error ΓÄ»ΓÄ»ΓÄ»ΓÄ»ΓÄ»ΓÄ»ΓÄ»
Error: [vitest-pool]: Worker forks emitted error.
 Γ¥» EventEmitter.<anonymous> ../../../SATYAM%20KUMAR/Downloads/ezyZ2211p/node_modules/vitest/d
ist/chunks/cli-api.lDy4N9kC.js:3445:22
 Γ¥» EventEmitter.emit node:events:508:28
 Γ¥» ChildProcess.emitUnexpectedExit ../../../SATYAM%20KUMAR/Downloads/ezyZ2211p/node_modules/v
itest/dist/chunks/cli-api.lDy4N9kC.js:3012:22
 Γ¥» ChildProcess.emit node:events:508:28
 Γ¥» Process.ChildProcess._handle.onexit node:internal/child_process:294:12

Caused by: Error: Worker exited unexpectedly
 Γ¥» ChildProcess.emitUnexpectedExit ../../../SATYAM%20KUMAR/Downloads/ezyZ2211p/node_modules/v
itest/dist/chunks/cli-api.lDy4N9kC.js:3011:33
 Γ¥» ChildProcess.emit node:events:508:28
 Γ¥» Process.ChildProcess._handle.onexit node:internal/child_process:294:12

ΓÄ»ΓÄ»ΓÄ»ΓÄ»ΓÄ»ΓÄ»ΓÄ»ΓÄ»ΓÄ»ΓÄ»ΓÄ»ΓÄ»ΓÄ»ΓÄ»ΓÄ»ΓÄ»ΓÄ»ΓÄ»ΓÄ»ΓÄ»ΓÄ»ΓÄ»ΓÄ»ΓÄ»ΓÄ»ΓÄ»ΓÄ»ΓÄ»ΓÄ»ΓÄ»


 Test Files   (1)
      Tests   (3)
     Errors  1 error
   Start at  06:01:48
   Duration  2765.21s (transform 204ms, setup 722ms, import 1.27s, tests 0ms, environment 2.52s)

